// Jest Snapshot v1, https://goo.gl/fbAQLP

exports[`SectaDexPool gas tests fee is off #burn above current price burn entire position after some time passes 1`] = `94995`;

exports[`SectaDexPool gas tests fee is off #burn above current price burn when only position using ticks 1`] = `94995`;

exports[`SectaDexPool gas tests fee is off #burn above current price entire position burn but other positions are using the ticks 1`] = `94277`;

exports[`SectaDexPool gas tests fee is off #burn above current price partial position burn 1`] = `99077`;

exports[`SectaDexPool gas tests fee is off #burn around current price burn entire position after some time passes 1`] = `114312`;

exports[`SectaDexPool gas tests fee is off #burn around current price burn when only position using ticks 1`] = `107051`;

exports[`SectaDexPool gas tests fee is off #burn around current price entire position burn but other positions are using the ticks 1`] = `98947`;

exports[`SectaDexPool gas tests fee is off #burn around current price partial position burn 1`] = `103747`;

exports[`SectaDexPool gas tests fee is off #burn below current price burn entire position after some time passes 1`] = `104477`;

exports[`SectaDexPool gas tests fee is off #burn below current price burn when only position using ticks 1`] = `104477`;

exports[`SectaDexPool gas tests fee is off #burn below current price entire position burn but other positions are using the ticks 1`] = `94930`;

exports[`SectaDexPool gas tests fee is off #burn below current price partial position burn 1`] = `99730`;

exports[`SectaDexPool gas tests fee is off #collect close to worst case 1`] = `45712`;

exports[`SectaDexPool gas tests fee is off #increaseObservationCardinalityNext grow by 1 slot 1`] = `53046`;

exports[`SectaDexPool gas tests fee is off #increaseObservationCardinalityNext no op 1`] = `26628`;

exports[`SectaDexPool gas tests fee is off #mint above current price add to position after some time passes 1`] = `110276`;

exports[`SectaDexPool gas tests fee is off #mint above current price add to position existing 1`] = `110276`;

exports[`SectaDexPool gas tests fee is off #mint above current price new position mint first in range 1`] = `228938`;

exports[`SectaDexPool gas tests fee is off #mint above current price second position in same range 1`] = `127376`;

exports[`SectaDexPool gas tests fee is off #mint around current price add to position after some time passes 1`] = `148205`;

exports[`SectaDexPool gas tests fee is off #mint around current price add to position existing 1`] = `139128`;

exports[`SectaDexPool gas tests fee is off #mint around current price new position mint first in range 1`] = `329293`;

exports[`SectaDexPool gas tests fee is off #mint around current price second position in same range 1`] = `156228`;

exports[`SectaDexPool gas tests fee is off #mint below current price add to position after some time passes 1`] = `110880`;

exports[`SectaDexPool gas tests fee is off #mint below current price add to position existing 1`] = `110880`;

exports[`SectaDexPool gas tests fee is off #mint below current price new position mint first in range 1`] = `310594`;

exports[`SectaDexPool gas tests fee is off #mint below current price second position in same range 1`] = `127980`;

exports[`SectaDexPool gas tests fee is off #poke best case 1`] = `53866`;

exports[`SectaDexPool gas tests fee is off #snapshotCumulativesInside tick above 1`] = `31522`;

exports[`SectaDexPool gas tests fee is off #snapshotCumulativesInside tick below 1`] = `31484`;

exports[`SectaDexPool gas tests fee is off #snapshotCumulativesInside tick inside 1`] = `38860`;

exports[`SectaDexPool gas tests fee is off #swapExact0For1 first swap in block moves tick, no initialized crossings 1`] = `123490`;

exports[`SectaDexPool gas tests fee is off #swapExact0For1 first swap in block with no tick movement 1`] = `108122`;

exports[`SectaDexPool gas tests fee is off #swapExact0For1 first swap in block, large swap crossing a single initialized tick 1`] = `151490`;

exports[`SectaDexPool gas tests fee is off #swapExact0For1 first swap in block, large swap crossing several initialized ticks 1`] = `212592`;

exports[`SectaDexPool gas tests fee is off #swapExact0For1 first swap in block, large swap, no initialized crossings 1`] = `137399`;

exports[`SectaDexPool gas tests fee is off #swapExact0For1 large swap crossing several initialized ticks after some time passes 1`] = `212592`;

exports[`SectaDexPool gas tests fee is off #swapExact0For1 large swap crossing several initialized ticks second time after some time passes 1`] = `231792`;

exports[`SectaDexPool gas tests fee is off #swapExact0For1 second swap in block moves tick, no initialized crossings 1`] = `123490`;

exports[`SectaDexPool gas tests fee is off #swapExact0For1 second swap in block with no tick movement 1`] = `108222`;

exports[`SectaDexPool gas tests fee is off #swapExact0For1 second swap in block, large swap crossing a single initialized tick 1`] = `138467`;

exports[`SectaDexPool gas tests fee is off #swapExact0For1 second swap in block, large swap crossing several initialized ticks 1`] = `200541`;

exports[`SectaDexPool gas tests fee is on #burn above current price burn entire position after some time passes 1`] = `94995`;

exports[`SectaDexPool gas tests fee is on #burn above current price burn when only position using ticks 1`] = `94995`;

exports[`SectaDexPool gas tests fee is on #burn above current price entire position burn but other positions are using the ticks 1`] = `94277`;

exports[`SectaDexPool gas tests fee is on #burn above current price partial position burn 1`] = `99077`;

exports[`SectaDexPool gas tests fee is on #burn around current price burn entire position after some time passes 1`] = `114312`;

exports[`SectaDexPool gas tests fee is on #burn around current price burn when only position using ticks 1`] = `107051`;

exports[`SectaDexPool gas tests fee is on #burn around current price entire position burn but other positions are using the ticks 1`] = `98947`;

exports[`SectaDexPool gas tests fee is on #burn around current price partial position burn 1`] = `103747`;

exports[`SectaDexPool gas tests fee is on #burn below current price burn entire position after some time passes 1`] = `104477`;

exports[`SectaDexPool gas tests fee is on #burn below current price burn when only position using ticks 1`] = `104477`;

exports[`SectaDexPool gas tests fee is on #burn below current price entire position burn but other positions are using the ticks 1`] = `94930`;

exports[`SectaDexPool gas tests fee is on #burn below current price partial position burn 1`] = `99730`;

exports[`SectaDexPool gas tests fee is on #collect close to worst case 1`] = `45712`;

exports[`SectaDexPool gas tests fee is on #increaseObservationCardinalityNext grow by 1 slot 1`] = `53046`;

exports[`SectaDexPool gas tests fee is on #increaseObservationCardinalityNext no op 1`] = `26628`;

exports[`SectaDexPool gas tests fee is on #mint above current price add to position after some time passes 1`] = `110276`;

exports[`SectaDexPool gas tests fee is on #mint above current price add to position existing 1`] = `110276`;

exports[`SectaDexPool gas tests fee is on #mint above current price new position mint first in range 1`] = `228938`;

exports[`SectaDexPool gas tests fee is on #mint above current price second position in same range 1`] = `127376`;

exports[`SectaDexPool gas tests fee is on #mint around current price add to position after some time passes 1`] = `148205`;

exports[`SectaDexPool gas tests fee is on #mint around current price add to position existing 1`] = `139128`;

exports[`SectaDexPool gas tests fee is on #mint around current price new position mint first in range 1`] = `329293`;

exports[`SectaDexPool gas tests fee is on #mint around current price second position in same range 1`] = `156228`;

exports[`SectaDexPool gas tests fee is on #mint below current price add to position after some time passes 1`] = `110880`;

exports[`SectaDexPool gas tests fee is on #mint below current price add to position existing 1`] = `110880`;

exports[`SectaDexPool gas tests fee is on #mint below current price new position mint first in range 1`] = `310594`;

exports[`SectaDexPool gas tests fee is on #mint below current price second position in same range 1`] = `127980`;

exports[`SectaDexPool gas tests fee is on #poke best case 1`] = `53866`;

exports[`SectaDexPool gas tests fee is on #snapshotCumulativesInside tick above 1`] = `31522`;

exports[`SectaDexPool gas tests fee is on #snapshotCumulativesInside tick below 1`] = `31484`;

exports[`SectaDexPool gas tests fee is on #snapshotCumulativesInside tick inside 1`] = `38860`;

exports[`SectaDexPool gas tests fee is on #swapExact0For1 first swap in block moves tick, no initialized crossings 1`] = `129108`;

exports[`SectaDexPool gas tests fee is on #swapExact0For1 first swap in block with no tick movement 1`] = `113464`;

exports[`SectaDexPool gas tests fee is on #swapExact0For1 first swap in block, large swap crossing a single initialized tick 1`] = `157384`;

exports[`SectaDexPool gas tests fee is on #swapExact0For1 first swap in block, large swap crossing several initialized ticks 1`] = `219314`;

exports[`SectaDexPool gas tests fee is on #swapExact0For1 first swap in block, large swap, no initialized crossings 1`] = `143569`;

exports[`SectaDexPool gas tests fee is on #swapExact0For1 large swap crossing several initialized ticks after some time passes 1`] = `219314`;

exports[`SectaDexPool gas tests fee is on #swapExact0For1 large swap crossing several initialized ticks second time after some time passes 1`] = `238514`;

exports[`SectaDexPool gas tests fee is on #swapExact0For1 second swap in block moves tick, no initialized crossings 1`] = `129108`;

exports[`SectaDexPool gas tests fee is on #swapExact0For1 second swap in block with no tick movement 1`] = `113564`;

exports[`SectaDexPool gas tests fee is on #swapExact0For1 second swap in block, large swap crossing a single initialized tick 1`] = `144085`;

exports[`SectaDexPool gas tests fee is on #swapExact0For1 second swap in block, large swap crossing several initialized ticks 1`] = `206987`;
