// Jest Snapshot v1, https://goo.gl/fbAQLP

exports[`SwapRouter gas tests #exactInput 0 -> 1 -> 2 1`] = `182657`;

exports[`SwapRouter gas tests #exactInput 0 -> 1 1`] = `112855`;

exports[`SwapRouter gas tests #exactInput 0 -> WETH9 1`] = `132643`;

exports[`SwapRouter gas tests #exactInput 2 trades (via router) 1`] = `199019`;

exports[`SwapRouter gas tests #exactInput 3 trades (directly to sender) 1`] = `273869`;

exports[`SwapRouter gas tests #exactInput WETH9 -> 0 1`] = `111202`;

exports[`SwapRouter gas tests #exactInputSingle 0 -> 1 1`] = `112231`;

exports[`SwapRouter gas tests #exactInputSingle 0 -> WETH9 1`] = `132013`;

exports[`SwapRouter gas tests #exactInputSingle WETH9 -> 0 1`] = `110578`;

exports[`SwapRouter gas tests #exactOutput 0 -> 1 -> 2 1`] = `179344`;

exports[`SwapRouter gas tests #exactOutput 0 -> 1 1`] = `116775`;

exports[`SwapRouter gas tests #exactOutput 0 -> WETH9 1`] = `133851`;

exports[`SwapRouter gas tests #exactOutput WETH9 -> 0 1`] = `124756`;

exports[`SwapRouter gas tests #exactOutputSingle 0 -> 1 1`] = `116919`;

exports[`SwapRouter gas tests #exactOutputSingle 0 -> WETH9 1`] = `133995`;

exports[`SwapRouter gas tests #exactOutputSingle WETH9 -> 0 1`] = `119365`;

exports[`SwapRouter gas tests 3 trades (directly to sender) 1`] = `189623`;
