// Jest Snapshot v1, https://goo.gl/fbAQLP

exports[`SmartRouter bytecode size 1`] = `20813`;
